<html>
<body>
<pre>
<h1>µVision Build Log</h1>
<h2>Project:</h2>
C:\Users\student\automaty_gpio\Automaty.uvproj
Project File Date:  06/11/2025

<h2>Output:</h2>
Build target 'Target 1'
assembling Startup.s...
compiling keyboard.c...
compiling led.c...
compiling main.c...
main.c(148): error:  #20: identifier "iMigCounter" is undefined
main.c(154): error:  #20: identifier "iLedNumber" is undefined
main.c(155): warning:  #223-D: function "LedOn" declared implicitly
main.c(159): warning:  #223-D: function "LedOn" declared implicitly
".\Objects\Automaty.axf" - 2 Errors, 2 Warning(s).
Target not created
Rebuild target 'Target 1'
assembling Startup.s...
compiling keyboard.c...
compiling led.c...
compiling main.c...
linking...
Program Size: Code=1532 RO-data=32 RW-data=4 ZI-data=1260  
FromELF: creating hex file...
".\Objects\Automaty.axf" - 0 Errors, 0 Warning(s).
